V3 43
FL /home/cccitron/mastersThesis/makestuff/libs/libfpgalink-20120621/hdl/fx2/vhdl/camera/remote_sources/_/lib/digilent/DVITransmitter.vhd 2014/02/22.20:27:10 P.20131013
EN digilent/DVITransmitter 1393130224 \
      FL /home/cccitron/mastersThesis/makestuff/libs/libfpgalink-20120621/hdl/fx2/vhdl/camera/remote_sources/_/lib/digilent/DVITransmitter.vhd \
      PB ieee/std_logic_1164 1381692176 LB digilent
AR digilent/DVITransmitter/Behavioral 1393130225 \
      FL /home/cccitron/mastersThesis/makestuff/libs/libfpgalink-20120621/hdl/fx2/vhdl/camera/remote_sources/_/lib/digilent/DVITransmitter.vhd \
      EN digilent/DVITransmitter 1393130224 CP digilent/TMDSEncoder \
      CP digilent/SerializerN_1
FL /home/cccitron/mastersThesis/makestuff/libs/libfpgalink-20120621/hdl/fx2/vhdl/camera/remote_sources/_/lib/digilent/InputSync.vhd 2014/02/21.12:41:04 P.20131013
EN digilent/InputSync 1393130226 \
      FL /home/cccitron/mastersThesis/makestuff/libs/libfpgalink-20120621/hdl/fx2/vhdl/camera/remote_sources/_/lib/digilent/InputSync.vhd \
      PB ieee/std_logic_1164 1381692176
AR digilent/InputSync/Behavioral 1393130227 \
      FL /home/cccitron/mastersThesis/makestuff/libs/libfpgalink-20120621/hdl/fx2/vhdl/camera/remote_sources/_/lib/digilent/InputSync.vhd \
      EN digilent/InputSync 1393130226
EN digilent/InputSyncV 1393130228 \
      FL /home/cccitron/mastersThesis/makestuff/libs/libfpgalink-20120621/hdl/fx2/vhdl/camera/remote_sources/_/lib/digilent/InputSync.vhd \
      PB ieee/std_logic_1164 1381692176
AR digilent/InputSyncV/Behavioral 1393130229 \
      FL /home/cccitron/mastersThesis/makestuff/libs/libfpgalink-20120621/hdl/fx2/vhdl/camera/remote_sources/_/lib/digilent/InputSync.vhd \
      EN digilent/InputSyncV 1393130228 CP InputSync
FL /home/cccitron/mastersThesis/makestuff/libs/libfpgalink-20120621/hdl/fx2/vhdl/camera/remote_sources/_/lib/digilent/LocalRst.vhd 2014/02/21.12:41:04 P.20131013
EN digilent/LocalRst 1393744893 \
      FL /home/cccitron/mastersThesis/makestuff/libs/libfpgalink-20120621/hdl/fx2/vhdl/camera/remote_sources/_/lib/digilent/LocalRst.vhd \
      PB ieee/std_logic_1164 1381692176
AR digilent/LocalRst/Behavioral 1393744894 \
      FL /home/cccitron/mastersThesis/makestuff/libs/libfpgalink-20120621/hdl/fx2/vhdl/camera/remote_sources/_/lib/digilent/LocalRst.vhd \
      EN digilent/LocalRst 1393744893
FL /home/cccitron/mastersThesis/makestuff/libs/libfpgalink-20120621/hdl/fx2/vhdl/camera/remote_sources/_/lib/digilent/SerializerN_1.vhd 2014/02/21.12:41:04 P.20131013
EN digilent/SerializerN_1 1393130220 \
      FL /home/cccitron/mastersThesis/makestuff/libs/libfpgalink-20120621/hdl/fx2/vhdl/camera/remote_sources/_/lib/digilent/SerializerN_1.vhd \
      PB ieee/std_logic_1164 1381692176 LB UNISIM PH unisim/VCOMPONENTS 1381692182
AR digilent/SerializerN_1/Behavioral 1393130221 \
      FL /home/cccitron/mastersThesis/makestuff/libs/libfpgalink-20120621/hdl/fx2/vhdl/camera/remote_sources/_/lib/digilent/SerializerN_1.vhd \
      EN digilent/SerializerN_1 1393130220 CP obufds CP OSERDES2
FL /home/cccitron/mastersThesis/makestuff/libs/libfpgalink-20120621/hdl/fx2/vhdl/camera/remote_sources/_/lib/digilent/TMDSEncoder.vhd 2014/02/21.12:41:04 P.20131013
EN digilent/TMDSEncoder 1393130218 \
      FL /home/cccitron/mastersThesis/makestuff/libs/libfpgalink-20120621/hdl/fx2/vhdl/camera/remote_sources/_/lib/digilent/TMDSEncoder.vhd \
      PB ieee/std_logic_1164 1381692176 PB ieee/std_logic_arith 1381692177 \
      PB ieee/STD_LOGIC_SIGNED 1381692178
AR digilent/TMDSEncoder/Behavioral 1393130219 \
      FL /home/cccitron/mastersThesis/makestuff/libs/libfpgalink-20120621/hdl/fx2/vhdl/camera/remote_sources/_/lib/digilent/TMDSEncoder.vhd \
      EN digilent/TMDSEncoder 1393130218
FL /home/cccitron/mastersThesis/makestuff/libs/libfpgalink-20120621/hdl/fx2/vhdl/camera/remote_sources/_/lib/digilent/TWICtl.vhd 2014/02/21.12:41:04 P.20131013
PH digilent/TWIUtils 1393130232 \
      FL /home/cccitron/mastersThesis/makestuff/libs/libfpgalink-20120621/hdl/fx2/vhdl/camera/remote_sources/_/lib/digilent/TWICtl.vhd
PB digilent/TWIUtils 1393130233 \
      FL /home/cccitron/mastersThesis/makestuff/libs/libfpgalink-20120621/hdl/fx2/vhdl/camera/remote_sources/_/lib/digilent/TWICtl.vhd \
      PH digilent/TWIUtils 1393130232
EN digilent/TWICtl 1393130234 \
      FL /home/cccitron/mastersThesis/makestuff/libs/libfpgalink-20120621/hdl/fx2/vhdl/camera/remote_sources/_/lib/digilent/TWICtl.vhd \
      PB ieee/std_logic_1164 1381692176 PB ieee/std_logic_arith 1381692177 \
      PB ieee/STD_LOGIC_UNSIGNED 1381692179 PB ieee/MATH_REAL 1381692182 \
      LB digilent PB digilent/TWIUtils 1393130233
AR digilent/TWICtl/Behavioral 1393130235 \
      FL /home/cccitron/mastersThesis/makestuff/libs/libfpgalink-20120621/hdl/fx2/vhdl/camera/remote_sources/_/lib/digilent/TWICtl.vhd \
      EN digilent/TWICtl 1393130234
FL /home/cccitron/mastersThesis/makestuff/libs/libfpgalink-20120621/hdl/fx2/vhdl/camera/remote_sources/_/lib/digilent/Video.vhd 2014/02/21.12:41:04 P.20131013
PH digilent/Video 1393130215 \
      FL /home/cccitron/mastersThesis/makestuff/libs/libfpgalink-20120621/hdl/fx2/vhdl/camera/remote_sources/_/lib/digilent/Video.vhd \
      PB ieee/std_logic_1164 1381692176
FL /home/cccitron/mastersThesis/makestuff/libs/libfpgalink-20120621/hdl/fx2/vhdl/camera/remote_sources/_/lib/digilent/VideoTimingCtl.vhd 2014/02/21.12:41:04 P.20131013
EN digilent/VideoTimingCtl 1393130230 \
      FL /home/cccitron/mastersThesis/makestuff/libs/libfpgalink-20120621/hdl/fx2/vhdl/camera/remote_sources/_/lib/digilent/VideoTimingCtl.vhd \
      PB ieee/std_logic_1164 1381692176 PB ieee/STD_LOGIC_UNSIGNED 1381692179 \
      LB digilent PH digilent/Video 1393130215
AR digilent/VideoTimingCtl/Behavioral 1393130231 \
      FL /home/cccitron/mastersThesis/makestuff/libs/libfpgalink-20120621/hdl/fx2/vhdl/camera/remote_sources/_/lib/digilent/VideoTimingCtl.vhd \
      EN digilent/VideoTimingCtl 1393130230 CP digilent/LocalRst
FL /home/cccitron/mastersThesis/makestuff/libs/libfpgalink-20120621/hdl/fx2/vhdl/source/remote_sources/_/lib/digilent/DVITransmitter.vhd 2014/02/21.12:41:04 P.20131013
FL /home/cccitron/mastersThesis/makestuff/libs/libfpgalink-20120621/hdl/fx2/vhdl/source/remote_sources/_/lib/digilent/InputSync.vhd 2014/02/21.12:41:04 P.20131013
FL /home/cccitron/mastersThesis/makestuff/libs/libfpgalink-20120621/hdl/fx2/vhdl/source/remote_sources/_/lib/digilent/LocalRst.vhd 2014/02/21.12:41:04 P.20131013
FL /home/cccitron/mastersThesis/makestuff/libs/libfpgalink-20120621/hdl/fx2/vhdl/source/remote_sources/_/lib/digilent/SerializerN_1.vhd 2014/02/21.12:41:04 P.20131013
FL /home/cccitron/mastersThesis/makestuff/libs/libfpgalink-20120621/hdl/fx2/vhdl/source/remote_sources/_/lib/digilent/TMDSEncoder.vhd 2014/02/21.12:41:04 P.20131013
FL /home/cccitron/mastersThesis/makestuff/libs/libfpgalink-20120621/hdl/fx2/vhdl/source/remote_sources/_/lib/digilent/TWICtl.vhd 2014/02/21.12:41:04 P.20131013
FL /home/cccitron/mastersThesis/makestuff/libs/libfpgalink-20120621/hdl/fx2/vhdl/source/remote_sources/_/lib/digilent/Video.vhd 2014/02/21.12:41:04 P.20131013
FL /home/cccitron/mastersThesis/makestuff/libs/libfpgalink-20120621/hdl/fx2/vhdl/source/remote_sources/_/lib/digilent/VideoTimingCtl.vhd 2014/02/21.12:41:04 P.20131013
