V3 35
FL /home/cccitron/mastersThesis/makestuff/libs/libfpgalink-20120621/hdl/fx2/vhdl/source/remote_sources/_/lib/digilent/DVITransmitter.vhd 2014/02/21.12:41:04 P.20131013
EN digilent/DVITransmitter 1393095642 \
      FL /home/cccitron/mastersThesis/makestuff/libs/libfpgalink-20120621/hdl/fx2/vhdl/source/remote_sources/_/lib/digilent/DVITransmitter.vhd \
      PB ieee/std_logic_1164 1381692176 LB digilent
AR digilent/DVITransmitter/Behavioral 1393095643 \
      FL /home/cccitron/mastersThesis/makestuff/libs/libfpgalink-20120621/hdl/fx2/vhdl/source/remote_sources/_/lib/digilent/DVITransmitter.vhd \
      EN digilent/DVITransmitter 1393095642 CP digilent/TMDSEncoder \
      CP digilent/SerializerN_1
FL /home/cccitron/mastersThesis/makestuff/libs/libfpgalink-20120621/hdl/fx2/vhdl/source/remote_sources/_/lib/digilent/InputSync.vhd 2014/02/21.12:41:04 P.20131013
EN digilent/InputSync 1393095644 \
      FL /home/cccitron/mastersThesis/makestuff/libs/libfpgalink-20120621/hdl/fx2/vhdl/source/remote_sources/_/lib/digilent/InputSync.vhd \
      PB ieee/std_logic_1164 1381692176
AR digilent/InputSync/Behavioral 1393095645 \
      FL /home/cccitron/mastersThesis/makestuff/libs/libfpgalink-20120621/hdl/fx2/vhdl/source/remote_sources/_/lib/digilent/InputSync.vhd \
      EN digilent/InputSync 1393095644
EN digilent/InputSyncV 1393095646 \
      FL /home/cccitron/mastersThesis/makestuff/libs/libfpgalink-20120621/hdl/fx2/vhdl/source/remote_sources/_/lib/digilent/InputSync.vhd \
      PB ieee/std_logic_1164 1381692176
AR digilent/InputSyncV/Behavioral 1393095647 \
      FL /home/cccitron/mastersThesis/makestuff/libs/libfpgalink-20120621/hdl/fx2/vhdl/source/remote_sources/_/lib/digilent/InputSync.vhd \
      EN digilent/InputSyncV 1393095646 CP InputSync
FL /home/cccitron/mastersThesis/makestuff/libs/libfpgalink-20120621/hdl/fx2/vhdl/source/remote_sources/_/lib/digilent/LocalRst.vhd 2014/02/21.12:41:04 P.20131013
EN digilent/LocalRst 1393095634 \
      FL /home/cccitron/mastersThesis/makestuff/libs/libfpgalink-20120621/hdl/fx2/vhdl/source/remote_sources/_/lib/digilent/LocalRst.vhd \
      PB ieee/std_logic_1164 1381692176
AR digilent/LocalRst/Behavioral 1393095635 \
      FL /home/cccitron/mastersThesis/makestuff/libs/libfpgalink-20120621/hdl/fx2/vhdl/source/remote_sources/_/lib/digilent/LocalRst.vhd \
      EN digilent/LocalRst 1393095634
FL /home/cccitron/mastersThesis/makestuff/libs/libfpgalink-20120621/hdl/fx2/vhdl/source/remote_sources/_/lib/digilent/SerializerN_1.vhd 2014/02/21.12:41:04 P.20131013
EN digilent/SerializerN_1 1393095638 \
      FL /home/cccitron/mastersThesis/makestuff/libs/libfpgalink-20120621/hdl/fx2/vhdl/source/remote_sources/_/lib/digilent/SerializerN_1.vhd \
      PB ieee/std_logic_1164 1381692176 LB UNISIM PH unisim/VCOMPONENTS 1381692182
AR digilent/SerializerN_1/Behavioral 1393095639 \
      FL /home/cccitron/mastersThesis/makestuff/libs/libfpgalink-20120621/hdl/fx2/vhdl/source/remote_sources/_/lib/digilent/SerializerN_1.vhd \
      EN digilent/SerializerN_1 1393095638 CP obufds CP OSERDES2
FL /home/cccitron/mastersThesis/makestuff/libs/libfpgalink-20120621/hdl/fx2/vhdl/source/remote_sources/_/lib/digilent/TMDSEncoder.vhd 2014/02/21.12:41:04 P.20131013
EN digilent/TMDSEncoder 1393095636 \
      FL /home/cccitron/mastersThesis/makestuff/libs/libfpgalink-20120621/hdl/fx2/vhdl/source/remote_sources/_/lib/digilent/TMDSEncoder.vhd \
      PB ieee/std_logic_1164 1381692176 PB ieee/std_logic_arith 1381692177 \
      PB ieee/STD_LOGIC_SIGNED 1381692178
AR digilent/TMDSEncoder/Behavioral 1393095637 \
      FL /home/cccitron/mastersThesis/makestuff/libs/libfpgalink-20120621/hdl/fx2/vhdl/source/remote_sources/_/lib/digilent/TMDSEncoder.vhd \
      EN digilent/TMDSEncoder 1393095636
FL /home/cccitron/mastersThesis/makestuff/libs/libfpgalink-20120621/hdl/fx2/vhdl/source/remote_sources/_/lib/digilent/TWICtl.vhd 2014/02/21.12:41:04 P.20131013
PH digilent/TWIUtils 1393095650 \
      FL /home/cccitron/mastersThesis/makestuff/libs/libfpgalink-20120621/hdl/fx2/vhdl/source/remote_sources/_/lib/digilent/TWICtl.vhd
PB digilent/TWIUtils 1393095651 \
      FL /home/cccitron/mastersThesis/makestuff/libs/libfpgalink-20120621/hdl/fx2/vhdl/source/remote_sources/_/lib/digilent/TWICtl.vhd \
      PH digilent/TWIUtils 1393095650
EN digilent/TWICtl 1393095652 \
      FL /home/cccitron/mastersThesis/makestuff/libs/libfpgalink-20120621/hdl/fx2/vhdl/source/remote_sources/_/lib/digilent/TWICtl.vhd \
      PB ieee/std_logic_1164 1381692176 PB ieee/std_logic_arith 1381692177 \
      PB ieee/STD_LOGIC_UNSIGNED 1381692179 PB ieee/MATH_REAL 1381692182 \
      LB digilent PB digilent/TWIUtils 1393095651
AR digilent/TWICtl/Behavioral 1393095653 \
      FL /home/cccitron/mastersThesis/makestuff/libs/libfpgalink-20120621/hdl/fx2/vhdl/source/remote_sources/_/lib/digilent/TWICtl.vhd \
      EN digilent/TWICtl 1393095652
FL /home/cccitron/mastersThesis/makestuff/libs/libfpgalink-20120621/hdl/fx2/vhdl/source/remote_sources/_/lib/digilent/Video.vhd 2014/02/21.12:41:04 P.20131013
PH digilent/Video 1393095633 \
      FL /home/cccitron/mastersThesis/makestuff/libs/libfpgalink-20120621/hdl/fx2/vhdl/source/remote_sources/_/lib/digilent/Video.vhd \
      PB ieee/std_logic_1164 1381692176
FL /home/cccitron/mastersThesis/makestuff/libs/libfpgalink-20120621/hdl/fx2/vhdl/source/remote_sources/_/lib/digilent/VideoTimingCtl.vhd 2014/02/21.12:41:04 P.20131013
EN digilent/VideoTimingCtl 1393095648 \
      FL /home/cccitron/mastersThesis/makestuff/libs/libfpgalink-20120621/hdl/fx2/vhdl/source/remote_sources/_/lib/digilent/VideoTimingCtl.vhd \
      PB ieee/std_logic_1164 1381692176 PB ieee/STD_LOGIC_UNSIGNED 1381692179 \
      LB digilent PH digilent/Video 1393095633
AR digilent/VideoTimingCtl/Behavioral 1393095649 \
      FL /home/cccitron/mastersThesis/makestuff/libs/libfpgalink-20120621/hdl/fx2/vhdl/source/remote_sources/_/lib/digilent/VideoTimingCtl.vhd \
      EN digilent/VideoTimingCtl 1393095648 CP digilent/LocalRst
