AR twictl behavioral /home/cccitron/mastersThesis/makestuff/libs/libfpgalink-20120621/hdl/fx2/vhdl/camera/remote_sources/_/lib/digilent/TWICtl.vhd sub00/vhpl18 1393130235
EN tmdsencoder NULL /home/cccitron/mastersThesis/makestuff/libs/libfpgalink-20120621/hdl/fx2/vhdl/camera/remote_sources/_/lib/digilent/TMDSEncoder.vhd sub00/vhpl03 1393130218
AR tmdsencoder behavioral /home/cccitron/mastersThesis/makestuff/libs/libfpgalink-20120621/hdl/fx2/vhdl/camera/remote_sources/_/lib/digilent/TMDSEncoder.vhd sub00/vhpl04 1393130219
PH twiutils NULL /home/cccitron/mastersThesis/makestuff/libs/libfpgalink-20120621/hdl/fx2/vhdl/camera/remote_sources/_/lib/digilent/TWICtl.vhd sub00/vhpl15 1393130232
PB twiutils twiutils /home/cccitron/mastersThesis/makestuff/libs/libfpgalink-20120621/hdl/fx2/vhdl/camera/remote_sources/_/lib/digilent/TWICtl.vhd sub00/vhpl16 1393130233
AR serializern_1 behavioral /home/cccitron/mastersThesis/makestuff/libs/libfpgalink-20120621/hdl/fx2/vhdl/camera/remote_sources/_/lib/digilent/SerializerN_1.vhd sub00/vhpl06 1393130221
EN dvitransmitter NULL /home/cccitron/mastersThesis/makestuff/libs/libfpgalink-20120621/hdl/fx2/vhdl/camera/remote_sources/_/lib/digilent/DVITransmitter.vhd sub00/vhpl07 1393130224
PH video NULL /home/cccitron/mastersThesis/makestuff/libs/libfpgalink-20120621/hdl/fx2/vhdl/camera/remote_sources/_/lib/digilent/Video.vhd sub00/vhpl00 1393130215
EN inputsync NULL /home/cccitron/mastersThesis/makestuff/libs/libfpgalink-20120621/hdl/fx2/vhdl/camera/remote_sources/_/lib/digilent/InputSync.vhd sub00/vhpl09 1393130226
EN videotimingctl NULL /home/cccitron/mastersThesis/makestuff/libs/libfpgalink-20120621/hdl/fx2/vhdl/camera/remote_sources/_/lib/digilent/VideoTimingCtl.vhd sub00/vhpl13 1393130230
EN inputsyncv NULL /home/cccitron/mastersThesis/makestuff/libs/libfpgalink-20120621/hdl/fx2/vhdl/camera/remote_sources/_/lib/digilent/InputSync.vhd sub00/vhpl11 1393130228
EN localrst NULL /home/cccitron/mastersThesis/makestuff/libs/libfpgalink-20120621/hdl/fx2/vhdl/camera/remote_sources/_/lib/digilent/LocalRst.vhd sub00/vhpl01 1393744893
AR localrst behavioral /home/cccitron/mastersThesis/makestuff/libs/libfpgalink-20120621/hdl/fx2/vhdl/camera/remote_sources/_/lib/digilent/LocalRst.vhd sub00/vhpl02 1393744894
AR dvitransmitter behavioral /home/cccitron/mastersThesis/makestuff/libs/libfpgalink-20120621/hdl/fx2/vhdl/camera/remote_sources/_/lib/digilent/DVITransmitter.vhd sub00/vhpl08 1393130225
AR inputsync behavioral /home/cccitron/mastersThesis/makestuff/libs/libfpgalink-20120621/hdl/fx2/vhdl/camera/remote_sources/_/lib/digilent/InputSync.vhd sub00/vhpl10 1393130227
AR videotimingctl behavioral /home/cccitron/mastersThesis/makestuff/libs/libfpgalink-20120621/hdl/fx2/vhdl/camera/remote_sources/_/lib/digilent/VideoTimingCtl.vhd sub00/vhpl14 1393130231
AR inputsyncv behavioral /home/cccitron/mastersThesis/makestuff/libs/libfpgalink-20120621/hdl/fx2/vhdl/camera/remote_sources/_/lib/digilent/InputSync.vhd sub00/vhpl12 1393130229
EN serializern_1 NULL /home/cccitron/mastersThesis/makestuff/libs/libfpgalink-20120621/hdl/fx2/vhdl/camera/remote_sources/_/lib/digilent/SerializerN_1.vhd sub00/vhpl05 1393130220
EN twictl NULL /home/cccitron/mastersThesis/makestuff/libs/libfpgalink-20120621/hdl/fx2/vhdl/camera/remote_sources/_/lib/digilent/TWICtl.vhd sub00/vhpl17 1393130234
