Release 14.7 - xst P.20131013 (lin64)
Copyright (c) 1995-2013 Xilinx, Inc.  All rights reserved.
--> 
Parameter TMPDIR set to xst/projnav.tmp


Total REAL time to Xst completion: 0.00 secs
Total CPU time to Xst completion: 0.06 secs
 
--> 
Parameter xsthdpdir set to xst


Total REAL time to Xst completion: 0.00 secs
Total CPU time to Xst completion: 0.06 secs
 
--> 
Reading design: VmodCAM_Ref.prj

TABLE OF CONTENTS
  1) Synthesis Options Summary
  2) HDL Parsing
  3) HDL Elaboration
  4) HDL Synthesis
       4.1) HDL Synthesis Report
  5) Advanced HDL Synthesis
       5.1) Advanced HDL Synthesis Report
  6) Low Level Synthesis
  7) Partition Report
  8) Design Summary
       8.1) Primitive and Black Box Usage
       8.2) Device utilization summary
       8.3) Partition Resource Summary
       8.4) Timing Report
            8.4.1) Clock Information
            8.4.2) Asynchronous Control Signals Information
            8.4.3) Timing Summary
            8.4.4) Timing Details
            8.4.5) Cross Clock Domains Report


=========================================================================
*                      Synthesis Options Summary                        *
=========================================================================
---- Source Parameters
Input File Name                    : "VmodCAM_Ref.prj"
Ignore Synthesis Constraint File   : NO

---- Target Parameters
Output File Name                   : "VmodCAM_Ref"
Output Format                      : NGC
Target Device                      : xc6slx45-3-csg324

---- Source Options
Top Module Name                    : VmodCAM_Ref
Automatic FSM Extraction           : YES
FSM Encoding Algorithm             : Auto
Safe Implementation                : No
FSM Style                          : LUT
RAM Extraction                     : Yes
RAM Style                          : Auto
ROM Extraction                     : Yes
Shift Register Extraction          : YES
ROM Style                          : Auto
Resource Sharing                   : YES
Asynchronous To Synchronous        : NO
Shift Register Minimum Size        : 2
Use DSP Block                      : Auto
Automatic Register Balancing       : No

---- Target Options
LUT Combining                      : Auto
Reduce Control Sets                : Auto
Add IO Buffers                     : YES
Global Maximum Fanout              : 100000
Add Generic Clock Buffer(BUFG)     : 16
Register Duplication               : YES
Optimize Instantiated Primitives   : NO
Use Clock Enable                   : Auto
Use Synchronous Set                : Auto
Use Synchronous Reset              : Auto
Pack IO Registers into IOBs        : Auto
Equivalent register Removal        : YES

---- General Options
Optimization Goal                  : Speed
Optimization Effort                : 1
Power Reduction                    : NO
Keep Hierarchy                     : No
Netlist Hierarchy                  : As_Optimized
RTL Output                         : Yes
Global Optimization                : AllClockNets
Read Cores                         : YES
Write Timing Constraints           : NO
Cross Clock Analysis               : NO
Hierarchy Separator                : /
Bus Delimiter                      : <>
Case Specifier                     : Maintain
Slice Utilization Ratio            : 100
BRAM Utilization Ratio             : 100
DSP48 Utilization Ratio            : 100
Auto BRAM Packing                  : NO
Slice Utilization Ratio Delta      : 5

---- Other Options
Cores Search Directories           : {"ipcore_dir"  }

=========================================================================


=========================================================================
*                          HDL Parsing                                  *
=========================================================================
Parsing VHDL file "/home/cccitron/mastersThesis/makestuff/libs/libfpgalink-20120621/hdl/fx2/vhdl/backup2-ex_cksum-me/iodrp_mcb_controller.vhdl" into library work
Parsing entity <iodrp_mcb_controller>.
Parsing architecture <trans> of entity <iodrp_mcb_controller>.
Parsing VHDL file "/home/cccitron/mastersThesis/makestuff/libs/libfpgalink-20120621/hdl/fx2/vhdl/backup2-ex_cksum-me/iodrp_controller.vhdl" into library work
Parsing entity <iodrp_controller>.
Parsing architecture <trans> of entity <iodrp_controller>.
Parsing VHDL file "/home/cccitron/mastersThesis/makestuff/libs/libfpgalink-20120621/hdl/fx2/vhdl/backup2-ex_cksum-me/mcb_soft_calibration.vhdl" into library work
Parsing entity <mcb_soft_calibration>.
Parsing architecture <trans> of entity <mcb_soft_calibration>.
Parsing VHDL file "/home/cccitron/mastersThesis/makestuff/libs/libfpgalink-20120621/hdl/fx2/vhdl/backup2-ex_cksum-me/mcb_soft_calibration_top.vhdl" into library work
Parsing entity <mcb_soft_calibration_top>.
Parsing architecture <trans> of entity <mcb_soft_calibration_top>.
Parsing VHDL file "/home/cccitron/mastersThesis/makestuff/libs/libfpgalink-20120621/hdl/fx2/vhdl/backup2-ex_cksum-me/mcb_raw_wrapper.vhdl" into library work
Parsing entity <mcb_raw_wrapper>.
Parsing architecture <aarch> of entity <mcb_raw_wrapper>.
Parsing VHDL file "/home/cccitron/mastersThesis/makestuff/libs/libfpgalink-20120621/hdl/fx2/vhdl/backup2-ex_cksum-me/remote_sources/_/lib/digilent/TWICtl.vhdl" into library work
Parsing package <TWIUtils>.
Parsing package body <TWIUtils>.
ERROR:HDLCompiler:104 - "/home/cccitron/mastersThesis/makestuff/libs/libfpgalink-20120621/hdl/fx2/vhdl/backup2-ex_cksum-me/remote_sources/_/lib/digilent/TWICtl.vhdl" Line 60: Cannot find <twiutils> in library <digilent>. Please ensure that the library was compiled, and that a library and a use clause are present in the VHDL file.
Parsing entity <TWICtl>.
ERROR:HDLCompiler:69 - "/home/cccitron/mastersThesis/makestuff/libs/libfpgalink-20120621/hdl/fx2/vhdl/backup2-ex_cksum-me/remote_sources/_/lib/digilent/TWICtl.vhdl" Line 109: <error_type> is not declared.
ERROR:HDLCompiler:854 - "/home/cccitron/mastersThesis/makestuff/libs/libfpgalink-20120621/hdl/fx2/vhdl/backup2-ex_cksum-me/remote_sources/_/lib/digilent/TWICtl.vhdl" Line 62: Unit <twictl> ignored due to previous errors.
Parsing architecture <Behavioral> of entity <twictl>.
ERROR:HDLCompiler:374 - "/home/cccitron/mastersThesis/makestuff/libs/libfpgalink-20120621/hdl/fx2/vhdl/backup2-ex_cksum-me/remote_sources/_/lib/digilent/TWICtl.vhdl" Line 120: Entity <twictl> is not yet compiled.
ERROR:HDLCompiler:69 - "/home/cccitron/mastersThesis/makestuff/libs/libfpgalink-20120621/hdl/fx2/vhdl/backup2-ex_cksum-me/remote_sources/_/lib/digilent/TWICtl.vhdl" Line 121: <string> is not declared.
ERROR:HDLCompiler:69 - "/home/cccitron/mastersThesis/makestuff/libs/libfpgalink-20120621/hdl/fx2/vhdl/backup2-ex_cksum-me/remote_sources/_/lib/digilent/TWICtl.vhdl" Line 123: <natural> is not declared.
ERROR:HDLCompiler:69 - "/home/cccitron/mastersThesis/makestuff/libs/libfpgalink-20120621/hdl/fx2/vhdl/backup2-ex_cksum-me/remote_sources/_/lib/digilent/TWICtl.vhdl" Line 124: <natural> is not declared.
ERROR:HDLCompiler:69 - "/home/cccitron/mastersThesis/makestuff/libs/libfpgalink-20120621/hdl/fx2/vhdl/backup2-ex_cksum-me/remote_sources/_/lib/digilent/TWICtl.vhdl" Line 125: <natural> is not declared.
ERROR:HDLCompiler:69 - "/home/cccitron/mastersThesis/makestuff/libs/libfpgalink-20120621/hdl/fx2/vhdl/backup2-ex_cksum-me/remote_sources/_/lib/digilent/TWICtl.vhdl" Line 127: <natural> is not declared.
ERROR:HDLCompiler:631 - "/home/cccitron/mastersThesis/makestuff/libs/libfpgalink-20120621/hdl/fx2/vhdl/backup2-ex_cksum-me/remote_sources/_/lib/digilent/TWICtl.vhdl" Line 133: Near string "gray" ; 0 visible types match here
ERROR:HDLCompiler:69 - "/home/cccitron/mastersThesis/makestuff/libs/libfpgalink-20120621/hdl/fx2/vhdl/backup2-ex_cksum-me/remote_sources/_/lib/digilent/TWICtl.vhdl" Line 135: <std_logic> is not declared.
ERROR:HDLCompiler:69 - "/home/cccitron/mastersThesis/makestuff/libs/libfpgalink-20120621/hdl/fx2/vhdl/backup2-ex_cksum-me/remote_sources/_/lib/digilent/TWICtl.vhdl" Line 136: <std_logic> is not declared.
ERROR:HDLCompiler:69 - "/home/cccitron/mastersThesis/makestuff/libs/libfpgalink-20120621/hdl/fx2/vhdl/backup2-ex_cksum-me/remote_sources/_/lib/digilent/TWICtl.vhdl" Line 137: <busstate_type> is not declared.
ERROR:HDLCompiler:69 - "/home/cccitron/mastersThesis/makestuff/libs/libfpgalink-20120621/hdl/fx2/vhdl/backup2-ex_cksum-me/remote_sources/_/lib/digilent/TWICtl.vhdl" Line 138: <error_type> is not declared.
ERROR:HDLCompiler:69 - "/home/cccitron/mastersThesis/makestuff/libs/libfpgalink-20120621/hdl/fx2/vhdl/backup2-ex_cksum-me/remote_sources/_/lib/digilent/TWICtl.vhdl" Line 139: <natural> is not declared.
ERROR:HDLCompiler:69 - "/home/cccitron/mastersThesis/makestuff/libs/libfpgalink-20120621/hdl/fx2/vhdl/backup2-ex_cksum-me/remote_sources/_/lib/digilent/TWICtl.vhdl" Line 140: <natural> is not declared.
ERROR:HDLCompiler:69 - "/home/cccitron/mastersThesis/makestuff/libs/libfpgalink-20120621/hdl/fx2/vhdl/backup2-ex_cksum-me/remote_sources/_/lib/digilent/TWICtl.vhdl" Line 141: <std_logic> is not declared.
ERROR:HDLCompiler:69 - "/home/cccitron/mastersThesis/makestuff/libs/libfpgalink-20120621/hdl/fx2/vhdl/backup2-ex_cksum-me/remote_sources/_/lib/digilent/TWICtl.vhdl" Line 142: <std_logic_vector> is not declared.
ERROR:HDLCompiler:69 - "/home/cccitron/mastersThesis/makestuff/libs/libfpgalink-20120621/hdl/fx2/vhdl/backup2-ex_cksum-me/remote_sources/_/lib/digilent/TWICtl.vhdl" Line 143: <std_logic> is not declared.
Sorry, too many errors..
--> 


Total memory usage is 335376 kilobytes

Number of errors   :   19 (   0 filtered)
Number of warnings :    0 (   0 filtered)
Number of infos    :    0 (   0 filtered)

